[abolore1.github.io/Bootstrap4-homepage/index.html]
[backblue.gif]
[fade.gif]
[index.html]
[maxcdn.bootstrapcdn.com/bootstrap/4.0.0/css/bootstrap.min.css]
[ajax.googleapis.com/ajax/libs/jquery/3.3.1/jquery.min.js]
[cdnjs.cloudflare.com/ajax/libs/popper.js/1.12.9/umd/popper.min.js]
[maxcdn.bootstrapcdn.com/bootstrap/4.0.0/js/bootstrap.min.js]
[abolore1.github.io/Bootstrap4-homepage/style.css]
[m.w3newbie.com/you-tube.6.delayed]
[abolore1.github.io/Bootstrap4-homepage/img/logo.png]
[use.fontawesome.com/releases/v5.0.8/js/all.js]
[abolore1.github.io/Bootstrap4-homepage/img/background.png]
[abolore1.github.io/Bootstrap4-homepage/img/background2.png]
[abolore1.github.io/Bootstrap4-homepage/img/background3.png]
[abolore1.github.io/Bootstrap4-homepage/img/desk.png]
[abolore1.github.io/Bootstrap4-homepage/img/gif/panda.gif]
[abolore1.github.io/Bootstrap4-homepage/img/gif/poo.gif]
[abolore1.github.io/Bootstrap4-homepage/img/gif/unicorn.gif]
[abolore1.github.io/Bootstrap4-homepage/img/gif/chicken.gif]
[abolore1.github.io/Bootstrap4-homepage/img/team1.png]
[abolore1.github.io/Bootstrap4-homepage/img/team2.png]
[abolore1.github.io/Bootstrap4-homepage/img/team3.png]
[abolore1.github.io/Bootstrap4-homepage/img/bootstrap2.png]
[abolore1.github.io/Bootstrap4-homepage/img/w3newbie.png]
[abolore1.github.io/Bootstrap4-homepage/index.html]
[maxcdn.bootstrapcdn.com/bootstrap/4.0.0/css/bootstrap.min.css]
[abolore1.github.io/Bootstrap4-homepage/img/mac.png]
[abolore1.github.io/Bootstrap4-homepage/style.css]
[m.w3newbie.com/you-tube.html]
